[04/03/2021 12:19:59] error: vulcand/oxy/forward/websocket: Error
[04/05/2021 14:19:59] warning: vulcand/oxy/forward/websocket: Error
